/home/volker/tiefenbach/repos/git/ASG-EVO/N6570_DK/N6570_EVAL.FSBL/libraries/Common/SysLayer/HalThread.c:37:13:HAL_global_stack_error_handler	16	static
/home/volker/tiefenbach/repos/git/ASG-EVO/N6570_DK/N6570_EVAL.FSBL/libraries/Common/SysLayer/HalThread.c:43:6:HAL_Thread_Init	24	static
/home/volker/tiefenbach/repos/git/ASG-EVO/N6570_DK/N6570_EVAL.FSBL/libraries/Common/SysLayer/HalThread.c:57:6:HAL_Thread_Stop	8	static
/home/volker/tiefenbach/repos/git/ASG-EVO/N6570_DK/N6570_EVAL.FSBL/libraries/Common/SysLayer/HalThread.c:69:8:HAL_Thread_GetPrioString	16	static
/home/volker/tiefenbach/repos/git/ASG-EVO/N6570_DK/N6570_EVAL.FSBL/libraries/Common/SysLayer/HalThread.c:89:6:HAL_Thread_Change_Prio	56	static
/home/volker/tiefenbach/repos/git/ASG-EVO/N6570_DK/N6570_EVAL.FSBL/libraries/Common/SysLayer/HalThread.c:108:6:HAL_Thread_StackCheck	48	static
/home/volker/tiefenbach/repos/git/ASG-EVO/N6570_DK/N6570_EVAL.FSBL/libraries/Common/SysLayer/HalThread.c:132:6:HAL_Thread_Create	72	static
/home/volker/tiefenbach/repos/git/ASG-EVO/N6570_DK/N6570_EVAL.FSBL/libraries/Common/SysLayer/HalThread.c:172:6:HAL_Thread_CyclicStackCheck	32	static
/home/volker/tiefenbach/repos/git/ASG-EVO/N6570_DK/N6570_EVAL.FSBL/libraries/Common/SysLayer/HalThread.c:192:6:HAL_Thread_CyclicSelfCheck	32	static
