/home/volker/tiefenbach/repos/git/ASG-EVO/N6570_DK/N6570_EVAL.FSBL/Common/Src/Init/syscalls.c:90:6:filex_newlib_init	16	static
/home/volker/tiefenbach/repos/git/ASG-EVO/N6570_DK/N6570_EVAL.FSBL/Common/Src/Init/syscalls.c:116:12:alloc_fd	16	static
/home/volker/tiefenbach/repos/git/ASG-EVO/N6570_DK/N6570_EVAL.FSBL/Common/Src/Init/syscalls.c:127:13:free_fd	16	static
/home/volker/tiefenbach/repos/git/ASG-EVO/N6570_DK/N6570_EVAL.FSBL/Common/Src/Init/syscalls.c:136:12:lock_fs	8	static
/home/volker/tiefenbach/repos/git/ASG-EVO/N6570_DK/N6570_EVAL.FSBL/Common/Src/Init/syscalls.c:145:13:unlock_fs	8	static
/home/volker/tiefenbach/repos/git/ASG-EVO/N6570_DK/N6570_EVAL.FSBL/Common/Src/Init/syscalls.c:155:5:__io_putchar	24	static
/home/volker/tiefenbach/repos/git/ASG-EVO/N6570_DK/N6570_EVAL.FSBL/Common/Src/Init/syscalls.c:169:5:__io_getchar	16	static
/home/volker/tiefenbach/repos/git/ASG-EVO/N6570_DK/N6570_EVAL.FSBL/Common/Src/Init/syscalls.c:182:6:initialise_monitor_handles	4	static
/home/volker/tiefenbach/repos/git/ASG-EVO/N6570_DK/N6570_EVAL.FSBL/Common/Src/Init/syscalls.c:186:5:_getpid	4	static
/home/volker/tiefenbach/repos/git/ASG-EVO/N6570_DK/N6570_EVAL.FSBL/Common/Src/Init/syscalls.c:191:5:_kill	16	static
/home/volker/.eclipse/com.st.stm32cube.ide.mcu.rcp.product_2.0.0_1934254364_linux_gtk_x86_64/plugins/com.st.stm32cube.ide.mcu.externaltools.gnu-tools-for-stm32.14.3.rel1.linux64_1.0.0.202510151430/tools/arm-none-eabi/include/sys/unistd.h:18:6:_exit	16	static
/home/volker/tiefenbach/repos/git/ASG-EVO/N6570_DK/N6570_EVAL.FSBL/Common/Src/Init/syscalls.c:205:9:_read	48	static
/home/volker/tiefenbach/repos/git/ASG-EVO/N6570_DK/N6570_EVAL.FSBL/Common/Src/Init/syscalls.c:259:9:_write	48	static
/home/volker/tiefenbach/repos/git/ASG-EVO/N6570_DK/N6570_EVAL.FSBL/Common/Src/Init/syscalls.c:317:5:_close	24	static
/home/volker/tiefenbach/repos/git/ASG-EVO/N6570_DK/N6570_EVAL.FSBL/Common/Src/Init/syscalls.c:366:5:_isatty	16	static
/home/volker/tiefenbach/repos/git/ASG-EVO/N6570_DK/N6570_EVAL.FSBL/Common/Src/Init/syscalls.c:381:7:_lseek	112	static
/home/volker/tiefenbach/repos/git/ASG-EVO/N6570_DK/N6570_EVAL.FSBL/Common/Src/Init/syscalls.c:483:5:_open	112	static
/home/volker/tiefenbach/repos/git/ASG-EVO/N6570_DK/N6570_EVAL.FSBL/Common/Src/Init/syscalls.c:612:5:_wait	16	static
/home/volker/tiefenbach/repos/git/ASG-EVO/N6570_DK/N6570_EVAL.FSBL/Common/Src/Init/syscalls.c:619:5:_unlink	16	static
/home/volker/tiefenbach/repos/git/ASG-EVO/N6570_DK/N6570_EVAL.FSBL/Common/Src/Init/syscalls.c:626:5:_link	16	static
/home/volker/tiefenbach/repos/git/ASG-EVO/N6570_DK/N6570_EVAL.FSBL/Common/Src/Init/syscalls.c:634:5:_fork	8	static
/home/volker/tiefenbach/repos/git/ASG-EVO/N6570_DK/N6570_EVAL.FSBL/Common/Src/Init/syscalls.c:640:5:_execve	24	static
