/home/volker/tiefenbach/repos/git/ASG-EVO/N6570_DK/N6570_EVAL.FSBL/libraries/Common/SysLog/SysLog.c:148:24:ring_next	16	static
/home/volker/tiefenbach/repos/git/ASG-EVO/N6570_DK/N6570_EVAL.FSBL/libraries/Common/SysLog/SysLog.c:150:13:ring_push_unlocked	24	static
/home/volker/tiefenbach/repos/git/ASG-EVO/N6570_DK/N6570_EVAL.FSBL/libraries/Common/SysLog/SysLog.c:157:13:ring_pop_unlocked	16	static
/home/volker/tiefenbach/repos/git/ASG-EVO/N6570_DK/N6570_EVAL.FSBL/libraries/Common/SysLog/SysLog.c:164:20:level_str	16	static
/home/volker/tiefenbach/repos/git/ASG-EVO/N6570_DK/N6570_EVAL.FSBL/libraries/Common/SysLog/SysLog.c:176:12:channel_find	24	static
/home/volker/tiefenbach/repos/git/ASG-EVO/N6570_DK/N6570_EVAL.FSBL/libraries/Common/SysLog/SysLog.c:183:12:channel_alloc	16	static
/home/volker/tiefenbach/repos/git/ASG-EVO/N6570_DK/N6570_EVAL.FSBL/libraries/Common/SysLog/SysLog.c:191:5:Log_ChannelRegister	32	static
/home/volker/tiefenbach/repos/git/ASG-EVO/N6570_DK/N6570_EVAL.FSBL/libraries/Common/SysLog/SysLog.c:213:5:Log_ChannelGet	24	static
/home/volker/tiefenbach/repos/git/ASG-EVO/N6570_DK/N6570_EVAL.FSBL/libraries/Common/SysLog/SysLog.c:220:6:Log_ChannelSetLevel	16	static
/home/volker/tiefenbach/repos/git/ASG-EVO/N6570_DK/N6570_EVAL.FSBL/libraries/Common/SysLog/SysLog.c:227:6:Log_ChannelSetSinks	16	static
/home/volker/tiefenbach/repos/git/ASG-EVO/N6570_DK/N6570_EVAL.FSBL/libraries/Common/SysLog/SysLog.c:306:6:Log_SelfCheck	16	static
/home/volker/tiefenbach/repos/git/ASG-EVO/N6570_DK/N6570_EVAL.FSBL/libraries/Common/SysLog/SysLog.c:317:6:Log_Init	64	static
/home/volker/tiefenbach/repos/git/ASG-EVO/N6570_DK/N6570_EVAL.FSBL/libraries/Common/SysLog/SysLog.c:377:6:Log_Deinit	8	static
/home/volker/tiefenbach/repos/git/ASG-EVO/N6570_DK/N6570_EVAL.FSBL/libraries/Common/SysLog/SysLog.c:397:6:Log_Printf	172	static
/home/volker/tiefenbach/repos/git/ASG-EVO/N6570_DK/N6570_EVAL.FSBL/libraries/Common/SysLog/SysLog.c:433:6:Log_ChPrintf	104	static
/home/volker/tiefenbach/repos/git/ASG-EVO/N6570_DK/N6570_EVAL.FSBL/libraries/Common/SysLog/SysLog.c:469:13:ThreadASG_log_worker_entry	280	static
/home/volker/tiefenbach/repos/git/ASG-EVO/N6570_DK/N6570_EVAL.FSBL/libraries/Common/SysLog/SysLog.c:521:13:sink_uart_write	24	static
/home/volker/tiefenbach/repos/git/ASG-EVO/N6570_DK/N6570_EVAL.FSBL/libraries/Common/SysLog/SysLog.c:528:6:syslog_socket_open	32	static
/home/volker/tiefenbach/repos/git/ASG-EVO/N6570_DK/N6570_EVAL.FSBL/libraries/Common/SysLog/SysLog.c:551:6:sink_syslog_send	264	static
/home/volker/tiefenbach/repos/git/ASG-EVO/N6570_DK/N6570_EVAL.FSBL/libraries/Common/SysLog/SysLog.c:668:6:Log_Printf_Version_Info	56	static
