/home/volker/tiefenbach/repos/git/ASG-EVO/N6570_DK/N6570_EVAL.FSBL/libraries/Drivers/STM32N6xx_HAL_Driver/Inc/stm32n6xx_ll_bus.h:1407:22:LL_AHB4_GRP1_EnableClock	24	static
/home/volker/tiefenbach/repos/git/ASG-EVO/N6570_DK/N6570_EVAL.FSBL/BSP/N6570_DK/BSP/gpio_peripherals.c:35:6:MX_GPIO_Init	32	static
/home/volker/tiefenbach/repos/git/ASG-EVO/N6570_DK/N6570_EVAL.FSBL/BSP/N6570_DK/BSP/gpio_peripherals.c:70:6:UserLed_Red_On	8	static
/home/volker/tiefenbach/repos/git/ASG-EVO/N6570_DK/N6570_EVAL.FSBL/BSP/N6570_DK/BSP/gpio_peripherals.c:75:6:UserLed_Red_Off	8	static
/home/volker/tiefenbach/repos/git/ASG-EVO/N6570_DK/N6570_EVAL.FSBL/BSP/N6570_DK/BSP/gpio_peripherals.c:80:6:UserLed_Green_On	8	static
/home/volker/tiefenbach/repos/git/ASG-EVO/N6570_DK/N6570_EVAL.FSBL/BSP/N6570_DK/BSP/gpio_peripherals.c:85:6:UserLed_Green_Off	8	static
/home/volker/tiefenbach/repos/git/ASG-EVO/N6570_DK/N6570_EVAL.FSBL/BSP/N6570_DK/BSP/gpio_peripherals.c:90:6:UserButton1_Pressed	16	static
