/home/volker/tiefenbach/repos/git/ASG-EVO/N6570_DK/N6570_EVAL.FSBL/libraries/Drivers/STM32N6xx_HAL_Driver/Inc/stm32n6xx_ll_bus.h:1407:22:LL_AHB4_GRP1_EnableClock	24	static
/home/volker/tiefenbach/repos/git/ASG-EVO/N6570_DK/N6570_EVAL.FSBL/libraries/Drivers/STM32N6xx_HAL_Driver/Inc/stm32n6xx_ll_bus.h:2273:22:LL_APB1_GRP1_EnableClock	24	static
/home/volker/tiefenbach/repos/git/ASG-EVO/N6570_DK/N6570_EVAL.FSBL/libraries/Drivers/STM32N6xx_HAL_Driver/Inc/stm32n6xx_ll_bus.h:2403:22:LL_APB1_GRP1_DisableClock	16	static
/home/volker/tiefenbach/repos/git/ASG-EVO/N6570_DK/N6570_EVAL.FSBL/libraries/Drivers/STM32N6xx_HAL_Driver/Inc/stm32n6xx_ll_bus.h:2909:22:LL_APB2_GRP1_EnableClock	24	static
/home/volker/tiefenbach/repos/git/ASG-EVO/N6570_DK/N6570_EVAL.FSBL/libraries/Drivers/STM32N6xx_HAL_Driver/Inc/stm32n6xx_ll_bus.h:2997:22:LL_APB2_GRP1_DisableClock	16	static
/home/volker/tiefenbach/repos/git/ASG-EVO/N6570_DK/N6570_EVAL.FSBL/BSP/N6570_DK/BSP/usart.c:37:6:MX_USART_ConsoleDeviceInit	8	static
/home/volker/tiefenbach/repos/git/ASG-EVO/N6570_DK/N6570_EVAL.FSBL/BSP/N6570_DK/BSP/usart.c:47:6:MX_USART1_UART_Init	8	static
/home/volker/tiefenbach/repos/git/ASG-EVO/N6570_DK/N6570_EVAL.FSBL/BSP/N6570_DK/BSP/usart.c:91:6:MX_USART2_UART_Init	8	static
/home/volker/tiefenbach/repos/git/ASG-EVO/N6570_DK/N6570_EVAL.FSBL/BSP/N6570_DK/BSP/usart.c:134:6:HAL_UART_MspInit	440	static
/home/volker/tiefenbach/repos/git/ASG-EVO/N6570_DK/N6570_EVAL.FSBL/BSP/N6570_DK/BSP/usart.c:223:6:HAL_UART_MspDeInit	16	static
/home/volker/tiefenbach/repos/git/ASG-EVO/N6570_DK/N6570_EVAL.FSBL/BSP/N6570_DK/BSP/usart.c:273:6:USART1_IRQHandler	8	static
/home/volker/tiefenbach/repos/git/ASG-EVO/N6570_DK/N6570_EVAL.FSBL/BSP/N6570_DK/BSP/usart.c:287:6:USART2_IRQHandler	8	static
