/home/volker/tiefenbach/repos/git/ASG-EVO/N6570_DK/N6570_EVAL.FSBL/Common/Src/Init/hw/coredump.c:48:25:umin	16	static
/home/volker/tiefenbach/repos/git/ASG-EVO/N6570_DK/N6570_EVAL.FSBL/Common/Src/Init/hw/coredump.c:51:19:is_aligned4	16	static
/home/volker/tiefenbach/repos/git/ASG-EVO/N6570_DK/N6570_EVAL.FSBL/Common/Src/Init/hw/coredump.c:54:19:looks_like_code_ptr	24	static
/home/volker/tiefenbach/repos/git/ASG-EVO/N6570_DK/N6570_EVAL.FSBL/Common/Src/Init/hw/coredump.c:73:6:printf_coredump	96	static
/home/volker/tiefenbach/repos/git/ASG-EVO/N6570_DK/N6570_EVAL.FSBL/Common/Src/Init/hw/coredump.c:87:13:dump_fault_registers	16	static
/home/volker/tiefenbach/repos/git/ASG-EVO/N6570_DK/N6570_EVAL.FSBL/Common/Src/Init/hw/coredump.c:127:13:dump_return_addresses_from_stack	56	static
/home/volker/tiefenbach/repos/git/ASG-EVO/N6570_DK/N6570_EVAL.FSBL/Common/Src/Init/hw/coredump.c:196:6:coredump_c_printf	8	static
/home/volker/tiefenbach/repos/git/ASG-EVO/N6570_DK/N6570_EVAL.FSBL/Common/Src/Init/hw/coredump.c:211:6:coredump_store_values_c	48	static,ignoring_inline_asm
