/home/volker/tiefenbach/repos/git/ASG-EVO/N6570_DK/N6570_EVAL.FSBL/libraries/Drivers/STM32N6xx_HAL_Driver/Inc/stm32n6xx_ll_bus.h:1407:22:LL_AHB4_GRP1_EnableClock	24	static
/home/volker/tiefenbach/repos/git/ASG-EVO/N6570_DK/N6570_EVAL.FSBL/Common/Src/Init/hw/system_clocks.c:44:13:MX_GPIO_Init_EnableClockOverdrive	32	static
/home/volker/tiefenbach/repos/git/ASG-EVO/N6570_DK/N6570_EVAL.FSBL/Common/Src/Init/hw/system_clocks.c:77:13:SystemClock_Config	632	static
/home/volker/tiefenbach/repos/git/ASG-EVO/N6570_DK/N6570_EVAL.FSBL/Common/Src/Init/hw/system_clocks.c:216:6:SystemClock_Init	8	static
/home/volker/tiefenbach/repos/git/ASG-EVO/N6570_DK/N6570_EVAL.FSBL/Common/Src/Init/hw/system_clocks.c:222:6:SystemClock_Dump	16	static
